To honour the JVM settings for this build a single-use Daemon process will be forked. For more on this, please refer to https://docs.gradle.org/8.9/userguide/gradle_daemon.html#sec:disabling_the_daemon in the Gradle documentation.
Daemon will be stopped at the end of the build 

> Configure project :
Java: 25, JVM: 25+36-LTS (Eclipse Adoptium), Arch: amd64

> Task :createMinecraftArtifacts UP-TO-DATE
> Task :compileJava

BUILD SUCCESSFUL in 18s
2 actionable tasks: 1 executed, 1 up-to-date
